// Vitest Snapshot v1

exports[`EmptyState > renders with default properties 1`] = `
<DocumentFragment>
  <div
    class="c-empty-state c-empty-state-animation"
  >
    <div
      class="c-empty-state-image"
    >
      <div
        class="c-empty-state-aspect-ratio"
      >
        <img
          alt="c-empty-state-image"
          class="aspect-ratio-item aspect-ratio-item-fluid"
          src="/states/empty_state.gif"
        />
      </div>
    </div>
    <div
      class="c-empty-state-title"
    >
      <span
        class="text-truncate-inline"
      >
        <span
          class="text-truncate"
        >
          No results found
        </span>
      </span>
    </div>
    <div
      class="c-empty-state-text"
    >
      Sorry, there are no results found
    </div>
  </div>
</DocumentFragment>
`;
