// Jest Snapshot v1, https://goo.gl/fbAQLP

exports[`EmptyDropZone renders 1`] = `
<DocumentFragment>
  <div
    class="empty-drop-zone-root empty-drop-zone-dashed border-primary rounded"
  >
    <div
      class="drop-zone-target p-5"
    >
      <div
        class="empty-drop-zone-indicator"
      />
    </div>
  </div>
</DocumentFragment>
`;

exports[`EmptyDropZone renders illustration when empty contributors 1`] = `
<DocumentFragment>
  <div
    class="empty-drop-zone-root"
  >
    <div>
      <div
        class="empty-contributors mb-0 p-4 rounded"
      >
        <div
          class="c-empty-state c-empty-state-animation"
        >
          <div
            class="c-empty-state-image"
          >
            <div
              class="c-empty-state-aspect-ratio"
            >
              <img
                alt="c-empty-state-image"
                class="aspect-ratio-item aspect-ratio-item-fluid"
                src="http://localhost:8080/o/admin-theme/images/states/empty_state.gif"
              />
            </div>
          </div>
          <div
            class="c-empty-state-title"
          >
            <span
              class="text-truncate-inline"
            >
              <span
                class="text-truncate"
              >
                no-x-yet
              </span>
            </span>
          </div>
          <div
            class="c-empty-state-text"
          >
            empty-conditions-message
          </div>
        </div>
      </div>
    </div>
  </div>
</DocumentFragment>
`;
